2026-04-13T06:30:23.440+05:45  INFO 27454 --- [library-room-booking] [restartedMain] c.e.l.LibraryRoomBookingApplication      : Starting LibraryRoomBookingApplication using Java 17.0.17 with PID 27454 (/Users/sushmitashrestha/Documents/workspace-spring-tools-for-eclipse-4.32.0.RELEASE/library-room-booking/target/classes started by sushmitashrestha in /Users/sushmitashrestha/Documents/workspace-spring-tools-for-eclipse-4.32.0.RELEASE/library-room-booking)
2026-04-13T06:30:23.444+05:45  INFO 27454 --- [library-room-booking] [restartedMain] c.e.l.LibraryRoomBookingApplication      : No active profile set, falling back to 1 default profile: "default"
2026-04-13T06:30:23.467+05:45  INFO 27454 --- [library-room-booking] [restartedMain] .e.DevToolsPropertyDefaultsPostProcessor : Devtools property defaults active! Set 'spring.devtools.add-properties' to 'false' to disable
2026-04-13T06:30:23.468+05:45  INFO 27454 --- [library-room-booking] [restartedMain] .e.DevToolsPropertyDefaultsPostProcessor : For additional web related logging consider setting the 'logging.level.web' property to 'DEBUG'
2026-04-13T06:30:23.982+05:45  INFO 27454 --- [library-room-booking] [restartedMain] .s.d.r.c.RepositoryConfigurationDelegate : Bootstrapping Spring Data JPA repositories in DEFAULT mode.
2026-04-13T06:30:24.016+05:45  INFO 27454 --- [library-room-booking] [restartedMain] .s.d.r.c.RepositoryConfigurationDelegate : Finished Spring Data repository scanning in 29 ms. Found 3 JPA repository interfaces.
2026-04-13T06:30:24.498+05:45  INFO 27454 --- [library-room-booking] [restartedMain] o.s.b.w.embedded.tomcat.TomcatWebServer  : Tomcat initialized with port 8080 (http)
2026-04-13T06:30:24.514+05:45  INFO 27454 --- [library-room-booking] [restartedMain] o.apache.catalina.core.StandardService   : Starting service [Tomcat]
2026-04-13T06:30:24.514+05:45  INFO 27454 --- [library-room-booking] [restartedMain] o.apache.catalina.core.StandardEngine    : Starting Servlet engine: [Apache Tomcat/10.1.28]
2026-04-13T06:30:24.554+05:45  INFO 27454 --- [library-room-booking] [restartedMain] o.a.c.c.C.[Tomcat].[localhost].[/]       : Initializing Spring embedded WebApplicationContext
2026-04-13T06:30:24.555+05:45  INFO 27454 --- [library-room-booking] [restartedMain] w.s.c.ServletWebServerApplicationContext : Root WebApplicationContext: initialization completed in 1087 ms
2026-04-13T06:30:24.721+05:45  INFO 27454 --- [library-room-booking] [restartedMain] com.zaxxer.hikari.HikariDataSource       : HikariPool-1 - Starting...
2026-04-13T06:30:24.901+05:45  INFO 27454 --- [library-room-booking] [restartedMain] com.zaxxer.hikari.pool.HikariPool        : HikariPool-1 - Added connection com.mysql.cj.jdbc.ConnectionImpl@42d68518
2026-04-13T06:30:24.902+05:45  INFO 27454 --- [library-room-booking] [restartedMain] com.zaxxer.hikari.HikariDataSource       : HikariPool-1 - Start completed.
2026-04-13T06:30:24.907+05:45  INFO 27454 --- [library-room-booking] [restartedMain] o.s.b.a.h2.H2ConsoleAutoConfiguration    : H2 console available at '/h2-console'. Database available at 'jdbc:mysql://localhost:3307/librarydb?useSSL=false&serverTimezone=UTC&allowPublicKeyRetrieval=true'
2026-04-13T06:30:25.075+05:45  INFO 27454 --- [library-room-booking] [restartedMain] o.hibernate.jpa.internal.util.LogHelper  : HHH000204: Processing PersistenceUnitInfo [name: default]
2026-04-13T06:30:25.135+05:45  INFO 27454 --- [library-room-booking] [restartedMain] org.hibernate.Version                    : HHH000412: Hibernate ORM core version 6.5.2.Final
2026-04-13T06:30:25.156+05:45  INFO 27454 --- [library-room-booking] [restartedMain] o.h.c.internal.RegionFactoryInitiator    : HHH000026: Second-level cache disabled
2026-04-13T06:30:25.320+05:45  INFO 27454 --- [library-room-booking] [restartedMain] o.s.o.j.p.SpringPersistenceUnitInfo      : No LoadTimeWeaver setup: ignoring JPA class transformer
2026-04-13T06:30:25.815+05:45  INFO 27454 --- [library-room-booking] [restartedMain] o.h.e.t.j.p.i.JtaPlatformInitiator       : HHH000489: No JTA platform available (set 'hibernate.transaction.jta.platform' to enable JTA platform integration)
2026-04-13T06:30:25.912+05:45  INFO 27454 --- [library-room-booking] [restartedMain] j.LocalContainerEntityManagerFactoryBean : Initialized JPA EntityManagerFactory for persistence unit 'default'
2026-04-13T06:30:26.150+05:45  INFO 27454 --- [library-room-booking] [restartedMain] o.s.d.j.r.query.QueryEnhancerFactory     : Hibernate is in classpath; If applicable, HQL parser will be used.
2026-04-13T06:30:26.364+05:45  INFO 27454 --- [library-room-booking] [restartedMain] r$InitializeUserDetailsManagerConfigurer : Global AuthenticationManager configured with UserDetailsService bean with name customUserDetailsService
2026-04-13T06:30:26.556+05:45  WARN 27454 --- [library-room-booking] [restartedMain] JpaBaseConfiguration$JpaWebConfiguration : spring.jpa.open-in-view is enabled by default. Therefore, database queries may be performed during view rendering. Explicitly configure spring.jpa.open-in-view to disable this warning
2026-04-13T06:30:26.609+05:45  INFO 27454 --- [library-room-booking] [restartedMain] o.s.b.a.w.s.WelcomePageHandlerMapping    : Adding welcome page template: index
2026-04-13T06:30:26.781+05:45  INFO 27454 --- [library-room-booking] [restartedMain] o.s.b.a.e.web.EndpointLinksResolver      : Exposing 1 endpoint beneath base path '/actuator'
2026-04-13T06:30:27.020+05:45  INFO 27454 --- [library-room-booking] [restartedMain] o.s.b.d.a.OptionalLiveReloadServer       : LiveReload server is running on port 35729
2026-04-13T06:30:27.052+05:45  INFO 27454 --- [library-room-booking] [restartedMain] o.s.b.w.embedded.tomcat.TomcatWebServer  : Tomcat started on port 8080 (http) with context path '/'
2026-04-13T06:30:27.067+05:45  INFO 27454 --- [library-room-booking] [restartedMain] c.e.l.LibraryRoomBookingApplication      : Started LibraryRoomBookingApplication in 3.81 seconds (process running for 4.185)
2026-04-13T06:32:41.549+05:45  INFO 27454 --- [library-room-booking] [http-nio-8080-exec-1] o.a.c.c.C.[Tomcat].[localhost].[/]       : Initializing Spring DispatcherServlet 'dispatcherServlet'
2026-04-13T06:32:41.558+05:45  INFO 27454 --- [library-room-booking] [http-nio-8080-exec-1] o.s.web.servlet.DispatcherServlet        : Initializing Servlet 'dispatcherServlet'
2026-04-13T06:32:41.616+05:45  INFO 27454 --- [library-room-booking] [http-nio-8080-exec-1] o.s.web.servlet.DispatcherServlet        : Completed initialization in 57 ms
2026-04-13T06:32:47.512+05:45  WARN 27454 --- [library-room-booking] [http-nio-8080-exec-2] .m.m.a.ExceptionHandlerExceptionResolver : Resolved [org.springframework.security.authentication.BadCredentialsException: Bad credentials]
2026-04-13T06:32:49.340+05:45  WARN 27454 --- [library-room-booking] [http-nio-8080-exec-2] .w.s.m.s.DefaultHandlerExceptionResolver : Resolved [org.springframework.web.context.request.async.AsyncRequestNotUsableException: ServletOutputStream failed to flush: java.io.IOException: Broken pipe]
2026-04-13T06:32:49.396+05:45  WARN 27454 --- [library-room-booking] [http-nio-8080-exec-4] .w.s.m.s.DefaultHandlerExceptionResolver : Resolved [org.springframework.web.context.request.async.AsyncRequestNotUsableException: ServletOutputStream failed to flush: java.io.IOException: Broken pipe]
2026-04-13T06:32:49.420+05:45  WARN 27454 --- [library-room-booking] [http-nio-8080-exec-3] .w.s.m.s.DefaultHandlerExceptionResolver : Resolved [org.springframework.web.context.request.async.AsyncRequestNotUsableException: ServletOutputStream failed to flush: java.io.IOException: Broken pipe]
2026-04-13T06:33:07.602+05:45  WARN 27454 --- [library-room-booking] [http-nio-8080-exec-5] .m.m.a.ExceptionHandlerExceptionResolver : Resolved [org.springframework.security.authentication.BadCredentialsException: Bad credentials]
2026-04-13T06:33:09.521+05:45  WARN 27454 --- [library-room-booking] [http-nio-8080-exec-7] .w.s.m.s.DefaultHandlerExceptionResolver : Resolved [org.springframework.web.context.request.async.AsyncRequestNotUsableException: ServletOutputStream failed to flush: java.io.IOException: Broken pipe]
2026-04-13T06:33:09.992+05:45  WARN 27454 --- [library-room-booking] [http-nio-8080-exec-4] .w.s.m.s.DefaultHandlerExceptionResolver : Resolved [org.springframework.web.context.request.async.AsyncRequestNotUsableException: ServletOutputStream failed to flush: java.io.IOException: Broken pipe]
2026-04-13T06:39:10.215+05:45  INFO 27454 --- [library-room-booking] [SpringApplicationShutdownHook] j.LocalContainerEntityManagerFactoryBean : Closing JPA EntityManagerFactory for persistence unit 'default'
2026-04-13T06:39:10.326+05:45  INFO 27454 --- [library-room-booking] [SpringApplicationShutdownHook] com.zaxxer.hikari.HikariDataSource       : HikariPool-1 - Shutdown initiated...
2026-04-13T06:39:10.346+05:45  INFO 27454 --- [library-room-booking] [SpringApplicationShutdownHook] com.zaxxer.hikari.HikariDataSource       : HikariPool-1 - Shutdown completed.
2026-04-13T06:39:38.858+05:45  INFO 34044 --- [library-room-booking] [restartedMain] c.e.l.LibraryRoomBookingApplication      : Starting LibraryRoomBookingApplication using Java 17.0.17 with PID 34044 (/Users/sushmitashrestha/Documents/workspace-spring-tools-for-eclipse-4.32.0.RELEASE/library-room-booking/target/classes started by sushmitashrestha in /Users/sushmitashrestha/Documents/workspace-spring-tools-for-eclipse-4.32.0.RELEASE/library-room-booking)
2026-04-13T06:39:38.861+05:45  INFO 34044 --- [library-room-booking] [restartedMain] c.e.l.LibraryRoomBookingApplication      : No active profile set, falling back to 1 default profile: "default"
2026-04-13T06:39:38.882+05:45  INFO 34044 --- [library-room-booking] [restartedMain] .e.DevToolsPropertyDefaultsPostProcessor : Devtools property defaults active! Set 'spring.devtools.add-properties' to 'false' to disable
2026-04-13T06:39:38.882+05:45  INFO 34044 --- [library-room-booking] [restartedMain] .e.DevToolsPropertyDefaultsPostProcessor : For additional web related logging consider setting the 'logging.level.web' property to 'DEBUG'
2026-04-13T06:39:39.390+05:45  INFO 34044 --- [library-room-booking] [restartedMain] .s.d.r.c.RepositoryConfigurationDelegate : Bootstrapping Spring Data JPA repositories in DEFAULT mode.
2026-04-13T06:39:39.424+05:45  INFO 34044 --- [library-room-booking] [restartedMain] .s.d.r.c.RepositoryConfigurationDelegate : Finished Spring Data repository scanning in 29 ms. Found 3 JPA repository interfaces.
2026-04-13T06:39:40.112+05:45  INFO 34044 --- [library-room-booking] [restartedMain] o.s.b.w.embedded.tomcat.TomcatWebServer  : Tomcat initialized with port 8080 (http)
2026-04-13T06:39:40.122+05:45  INFO 34044 --- [library-room-booking] [restartedMain] o.apache.catalina.core.StandardService   : Starting service [Tomcat]
2026-04-13T06:39:40.123+05:45  INFO 34044 --- [library-room-booking] [restartedMain] o.apache.catalina.core.StandardEngine    : Starting Servlet engine: [Apache Tomcat/10.1.28]
2026-04-13T06:39:40.161+05:45  INFO 34044 --- [library-room-booking] [restartedMain] o.a.c.c.C.[Tomcat].[localhost].[/]       : Initializing Spring embedded WebApplicationContext
2026-04-13T06:39:40.161+05:45  INFO 34044 --- [library-room-booking] [restartedMain] w.s.c.ServletWebServerApplicationContext : Root WebApplicationContext: initialization completed in 1278 ms
2026-04-13T06:39:40.251+05:45  INFO 34044 --- [library-room-booking] [restartedMain] com.zaxxer.hikari.HikariDataSource       : HikariPool-1 - Starting...
2026-04-13T06:39:40.536+05:45  INFO 34044 --- [library-room-booking] [restartedMain] com.zaxxer.hikari.pool.HikariPool        : HikariPool-1 - Added connection com.mysql.cj.jdbc.ConnectionImpl@7a2f576a
2026-04-13T06:39:40.538+05:45  INFO 34044 --- [library-room-booking] [restartedMain] com.zaxxer.hikari.HikariDataSource       : HikariPool-1 - Start completed.
2026-04-13T06:39:40.544+05:45  INFO 34044 --- [library-room-booking] [restartedMain] o.s.b.a.h2.H2ConsoleAutoConfiguration    : H2 console available at '/h2-console'. Database available at 'jdbc:mysql://localhost:3307/librarydb?useSSL=false&serverTimezone=UTC&allowPublicKeyRetrieval=true'
2026-04-13T06:39:40.657+05:45  INFO 34044 --- [library-room-booking] [restartedMain] o.hibernate.jpa.internal.util.LogHelper  : HHH000204: Processing PersistenceUnitInfo [name: default]
2026-04-13T06:39:40.693+05:45  INFO 34044 --- [library-room-booking] [restartedMain] org.hibernate.Version                    : HHH000412: Hibernate ORM core version 6.5.2.Final
2026-04-13T06:39:40.718+05:45  INFO 34044 --- [library-room-booking] [restartedMain] o.h.c.internal.RegionFactoryInitiator    : HHH000026: Second-level cache disabled
2026-04-13T06:39:40.885+05:45  INFO 34044 --- [library-room-booking] [restartedMain] o.s.o.j.p.SpringPersistenceUnitInfo      : No LoadTimeWeaver setup: ignoring JPA class transformer
2026-04-13T06:39:41.389+05:45  INFO 34044 --- [library-room-booking] [restartedMain] o.h.e.t.j.p.i.JtaPlatformInitiator       : HHH000489: No JTA platform available (set 'hibernate.transaction.jta.platform' to enable JTA platform integration)
2026-04-13T06:39:41.702+05:45  INFO 34044 --- [library-room-booking] [restartedMain] j.LocalContainerEntityManagerFactoryBean : Initialized JPA EntityManagerFactory for persistence unit 'default'
2026-04-13T06:39:41.883+05:45  INFO 34044 --- [library-room-booking] [restartedMain] o.s.d.j.r.query.QueryEnhancerFactory     : Hibernate is in classpath; If applicable, HQL parser will be used.
2026-04-13T06:39:42.063+05:45  INFO 34044 --- [library-room-booking] [restartedMain] r$InitializeUserDetailsManagerConfigurer : Global AuthenticationManager configured with UserDetailsService bean with name customUserDetailsService
2026-04-13T06:39:42.227+05:45  WARN 34044 --- [library-room-booking] [restartedMain] JpaBaseConfiguration$JpaWebConfiguration : spring.jpa.open-in-view is enabled by default. Therefore, database queries may be performed during view rendering. Explicitly configure spring.jpa.open-in-view to disable this warning
2026-04-13T06:39:42.274+05:45  INFO 34044 --- [library-room-booking] [restartedMain] o.s.b.a.w.s.WelcomePageHandlerMapping    : Adding welcome page template: index
2026-04-13T06:39:42.435+05:45  INFO 34044 --- [library-room-booking] [restartedMain] o.s.b.a.e.web.EndpointLinksResolver      : Exposing 1 endpoint beneath base path '/actuator'
2026-04-13T06:39:42.650+05:45  INFO 34044 --- [library-room-booking] [restartedMain] o.s.b.d.a.OptionalLiveReloadServer       : LiveReload server is running on port 35729
2026-04-13T06:39:42.684+05:45  INFO 34044 --- [library-room-booking] [restartedMain] o.s.b.w.embedded.tomcat.TomcatWebServer  : Tomcat started on port 8080 (http) with context path '/'
2026-04-13T06:39:42.694+05:45  INFO 34044 --- [library-room-booking] [restartedMain] c.e.l.LibraryRoomBookingApplication      : Started LibraryRoomBookingApplication in 4.067 seconds (process running for 4.574)
2026-04-13T06:40:02.878+05:45  INFO 34044 --- [library-room-booking] [http-nio-8080-exec-1] o.a.c.c.C.[Tomcat].[localhost].[/]       : Initializing Spring DispatcherServlet 'dispatcherServlet'
2026-04-13T06:40:02.881+05:45  INFO 34044 --- [library-room-booking] [http-nio-8080-exec-1] o.s.web.servlet.DispatcherServlet        : Initializing Servlet 'dispatcherServlet'
2026-04-13T06:40:02.897+05:45  INFO 34044 --- [library-room-booking] [http-nio-8080-exec-1] o.s.web.servlet.DispatcherServlet        : Completed initialization in 15 ms
2026-04-13T06:40:05.843+05:45  WARN 34044 --- [library-room-booking] [http-nio-8080-exec-6] .m.m.a.ExceptionHandlerExceptionResolver : Resolved [org.springframework.security.authentication.BadCredentialsException: Bad credentials]
2026-04-13T06:40:54.888+05:45  WARN 34044 --- [library-room-booking] [http-nio-8080-exec-3] .m.m.a.ExceptionHandlerExceptionResolver : Resolved [org.springframework.security.authentication.BadCredentialsException: Bad credentials]
2026-04-13T06:55:20.349+05:45  WARN 34044 --- [library-room-booking] [http-nio-8080-exec-5] .m.m.a.ExceptionHandlerExceptionResolver : Resolved [org.springframework.security.authentication.BadCredentialsException: Bad credentials]
2026-04-13T07:01:03.258+05:45  WARN 34044 --- [library-room-booking] [http-nio-8080-exec-2] .m.m.a.ExceptionHandlerExceptionResolver : Resolved [org.springframework.security.authentication.BadCredentialsException: Bad credentials]
2026-04-13T07:48:17.357+05:45  WARN 34044 --- [library-room-booking] [HikariPool-1 housekeeper] com.zaxxer.hikari.pool.HikariPool        : HikariPool-1 - Thread starvation or clock leap detected (housekeeper delta=4m59s200ms).
2026-04-13T08:44:07.406+05:45  INFO 34044 --- [library-room-booking] [SpringApplicationShutdownHook] j.LocalContainerEntityManagerFactoryBean : Closing JPA EntityManagerFactory for persistence unit 'default'
2026-04-13T08:44:07.554+05:45  INFO 34044 --- [library-room-booking] [SpringApplicationShutdownHook] com.zaxxer.hikari.HikariDataSource       : HikariPool-1 - Shutdown initiated...
2026-04-13T08:44:07.572+05:45  INFO 34044 --- [library-room-booking] [SpringApplicationShutdownHook] com.zaxxer.hikari.HikariDataSource       : HikariPool-1 - Shutdown completed.
